// Jest Snapshot v1, https://goo.gl/fbAQLP

exports[`renders correctly 1`] = `
<div
  className="quote flex"
>
  <h2
    className="flex"
  >
    Mathematics is not about numbers, equations, computations, or algorithems: it is about understanding. -William Paul Thurston
  </h2>
</div>
`;
